Java HotSpot(TM) 64-Bit Server VM (25.311-b11) for windows-amd64 JRE (1.8.0_311-b11), built on Sep 27 2021 05:15:14 by "java_re" with MS VC++ 15.9 (VS2017)
Memory: 4k page, physical 16537056k(4450588k free), swap 23084436k(4305028k free)
CommandLine flags: -XX:InitialHeapSize=264592896 -XX:MaxHeapSize=4233486336 -XX:+PrintGC -XX:+PrintGCDateStamps -XX:+PrintGCDetails -XX:+PrintGCTimeStamps -XX:+UseCompressedClassPointers -XX:+UseCompressedOops -XX:-UseLargePagesIndividualAllocation -XX:+UseParallelGC 
2022-04-02T10:43:30.658+0800: 0.133: [GC (System.gc()) [PSYoungGen: 7997K->984K(75776K)] 7997K->992K(249344K), 0.0008913 secs] [Times: user=0.00 sys=0.00, real=0.00 secs] 
2022-04-02T10:43:30.658+0800: 0.134: [Full GC (System.gc()) [PSYoungGen: 984K->0K(75776K)] [ParOldGen: 8K->724K(173568K)] 992K->724K(249344K), [Metaspace: 3094K->3094K(1056768K)], 0.0037744 secs] [Times: user=0.00 sys=0.00, real=0.00 secs] 
Heap
 PSYoungGen      total 75776K, used 1951K [0x000000076be00000, 0x0000000771280000, 0x00000007c0000000)
  eden space 65024K, 3% used [0x000000076be00000,0x000000076bfe7c68,0x000000076fd80000)
  from space 10752K, 0% used [0x000000076fd80000,0x000000076fd80000,0x0000000770800000)
  to   space 10752K, 0% used [0x0000000770800000,0x0000000770800000,0x0000000771280000)
 ParOldGen       total 173568K, used 724K [0x00000006c3a00000, 0x00000006ce380000, 0x000000076be00000)
  object space 173568K, 0% used [0x00000006c3a00000,0x00000006c3ab5190,0x00000006ce380000)
 Metaspace       used 3101K, capacity 4620K, committed 4864K, reserved 1056768K
  class space    used 328K, capacity 392K, committed 512K, reserved 1048576K
